// Vitest Snapshot v1, https://vitest.dev/guide/snapshot.html

exports[`Headerの単体テスト > スナップショットテスト 1`] = `
<div>
  <header
    class="_header_69e643"
  >
    <h1
      class="_siteTitle_69e643"
    >
      求人・求職者数
    </h1>
  </header>
</div>
`;
